// Jest Snapshot v1, https://goo.gl/fbAQLP

exports[`Directorr reduxStores 1`] = `
Object {
  "dispatch": [Function],
  "getState": [Function],
  "replaceReducer": [Function],
  "subscribe": [Function],
  "undefined": [Function],
}
`;
